
> client@0.0.0 build
> vite build

[36mvite v7.3.1 [32mbuilding client environment for production...[36m[39m
transforming...
[32mΓ£ô[39m 18 modules transformed.
npm : [31mΓ£ù[39m Build failed in 982ms
At line:1 char:1
+ npm run build > build_output.txt 2>&1
+ ~~~~~~~~~~~~~~~~~~~~~~~~~~~~~~~~~~~~~
    + CategoryInfo          : NotSpecifie 
   d: ([31mΓ£ù[39m Build failed in 982  
  ms:String) [], RemoteException
    + FullyQualifiedErrorId : NativeComma 
   ndError
 
[31merror during build:
[31m[vite:esbuild] Transform failed with 
1 error:
D:/final/APT/client/src/pages/admin/Dashbo
ard.jsx:1333:4: ERROR: Unexpected 
"return"[31m
file: [36mD:/final/APT/client/src/pages/a
dmin/Dashboard.jsx:1333:4[31m
[33m
[33mUnexpected "return"[33m
1331 |  
1332 |  const StatCard = ({ icon, label, 
value, subtext, color, trend }) => {
1333 |      return (
     |      ^
1334 |          <div className="p-6 
rounded-2xl text-white bg-gradient-to-br 
from-amrita-maroon to-amrita-pink 
relative overf...
1335 |              <div 
className="absolute top-0 right-0 p-4 
opacity-10 group-hover:opacity-20 
transition-opacity">
[31m
    at failureErrorWithLog (D:\final\APT\c
lient\node_modules\esbuild\lib\main.js:146
7:15)
    at D:\final\APT\client\node_modules\es
build\lib\main.js:736:50
    at responseCallbacks.<computed> (D:\fi
nal\APT\client\node_modules\esbuild\lib\ma
in.js:603:9)
    at handleIncomingPacket (D:\final\APT\
client\node_modules\esbuild\lib\main.js:65
8:12)
    at Socket.readFromStdout (D:\final\APT
\client\node_modules\esbuild\lib\main.js:5
81:7)
    at Socket.emit (node:events:524:28)
    at addChunk 
(node:internal/streams/readable:561:12)
    at readableAddChunkPushByteMode 
(node:internal/streams/readable:512:3)
    at Readable.push 
(node:internal/streams/readable:392:5)
    at Pipe.onStreamRead (node:internal/st
ream_base_commons:191:23)[39m
